Collecting tensorflow
  Using cached tensorflow-2.11.0-cp37-cp37m-manylinux_2_17_x86_64.manylinux2014_x86_64.whl (588.3 MB)
Collecting tensorflow-io-gcs-filesystem>=0.23.1
  Using cached tensorflow_io_gcs_filesystem-0.33.0-cp37-cp37m-manylinux_2_12_x86_64.manylinux2010_x86_64.whl (2.4 MB)
Requirement already satisfied: typing-extensions>=3.6.6 in /home/dgdgksj/anaconda3/envs/lesion/lib/python3.7/site-packages (from tensorflow) (4.1.1)
Collecting keras<2.12,>=2.11.0
  Using cached keras-2.11.0-py2.py3-none-any.whl (1.7 MB)
Requirement already satisfied: numpy>=1.20 in /home/dgdgksj/anaconda3/envs/lesion/lib/python3.7/site-packages (from tensorflow) (1.21.6)
Collecting libclang>=13.0.0
  Using cached libclang-16.0.6-py2.py3-none-manylinux2010_x86_64.whl (22.9 MB)
Requirement already satisfied: termcolor>=1.1.0 in /home/dgdgksj/anaconda3/envs/lesion/lib/python3.7/site-packages (from tensorflow) (1.1.0)
Requirement already satisfied: grpcio<2.0,>=1.24.3 in /home/dgdgksj/anaconda3/envs/lesion/lib/python3.7/site-packages (from tensorflow) (1.47.0)
Requirement already satisfied: astunparse>=1.6.0 in /home/dgdgksj/anaconda3/envs/lesion/lib/python3.7/site-packages (from tensorflow) (1.6.3)
Requirement already satisfied: wrapt>=1.11.0 in /home/dgdgksj/anaconda3/envs/lesion/lib/python3.7/site-packages (from tensorflow) (1.14.1)
Requirement already satisfied: setuptools in /home/dgdgksj/anaconda3/envs/lesion/lib/python3.7/site-packages (from tensorflow) (61.2.0)
Requirement already satisfied: packaging in /home/dgdgksj/anaconda3/envs/lesion/lib/python3.7/site-packages (from tensorflow) (21.3)
Collecting tensorflow-estimator<2.12,>=2.11.0
  Using cached tensorflow_estimator-2.11.0-py2.py3-none-any.whl (439 kB)
Requirement already satisfied: flatbuffers>=2.0 in /home/dgdgksj/anaconda3/envs/lesion/lib/python3.7/site-packages (from tensorflow) (2.0.7)
Requirement already satisfied: absl-py>=1.0.0 in /home/dgdgksj/anaconda3/envs/lesion/lib/python3.7/site-packages (from tensorflow) (1.2.0)
Requirement already satisfied: gast<=0.4.0,>=0.2.1 in /home/dgdgksj/anaconda3/envs/lesion/lib/python3.7/site-packages (from tensorflow) (0.3.3)
Requirement already satisfied: six>=1.12.0 in /home/dgdgksj/anaconda3/envs/lesion/lib/python3.7/site-packages (from tensorflow) (1.16.0)
Collecting protobuf<3.20,>=3.9.2
  Using cached protobuf-3.19.6-cp37-cp37m-manylinux_2_17_x86_64.manylinux2014_x86_64.whl (1.1 MB)
Requirement already satisfied: opt-einsum>=2.3.2 in /home/dgdgksj/anaconda3/envs/lesion/lib/python3.7/site-packages (from tensorflow) (3.3.0)
Requirement already satisfied: h5py>=2.9.0 in /home/dgdgksj/anaconda3/envs/lesion/lib/python3.7/site-packages (from tensorflow) (2.10.0)
Requirement already satisfied: google-pasta>=0.1.1 in /home/dgdgksj/anaconda3/envs/lesion/lib/python3.7/site-packages (from tensorflow) (0.2.0)
Collecting tensorboard<2.12,>=2.11
  Using cached tensorboard-2.11.2-py3-none-any.whl (6.0 MB)
Requirement already satisfied: wheel<1.0,>=0.23.0 in /home/dgdgksj/anaconda3/envs/lesion/lib/python3.7/site-packages (from astunparse>=1.6.0->tensorflow) (0.38.4)
Requirement already satisfied: google-auth-oauthlib<0.5,>=0.4.1 in /home/dgdgksj/anaconda3/envs/lesion/lib/python3.7/site-packages (from tensorboard<2.12,>=2.11->tensorflow) (0.4.6)
Requirement already satisfied: werkzeug>=1.0.1 in /home/dgdgksj/anaconda3/envs/lesion/lib/python3.7/site-packages (from tensorboard<2.12,>=2.11->tensorflow) (2.2.2)
Requirement already satisfied: requests<3,>=2.21.0 in /home/dgdgksj/anaconda3/envs/lesion/lib/python3.7/site-packages (from tensorboard<2.12,>=2.11->tensorflow) (2.27.1)
Requirement already satisfied: markdown>=2.6.8 in /home/dgdgksj/anaconda3/envs/lesion/lib/python3.7/site-packages (from tensorboard<2.12,>=2.11->tensorflow) (3.4.1)
Requirement already satisfied: tensorboard-data-server<0.7.0,>=0.6.0 in /home/dgdgksj/anaconda3/envs/lesion/lib/python3.7/site-packages (from tensorboard<2.12,>=2.11->tensorflow) (0.6.1)
Requirement already satisfied: tensorboard-plugin-wit>=1.6.0 in /home/dgdgksj/anaconda3/envs/lesion/lib/python3.7/site-packages (from tensorboard<2.12,>=2.11->tensorflow) (1.8.1)
Requirement already satisfied: google-auth<3,>=1.6.3 in /home/dgdgksj/anaconda3/envs/lesion/lib/python3.7/site-packages (from tensorboard<2.12,>=2.11->tensorflow) (1.35.0)
Requirement already satisfied: rsa<5,>=3.1.4 in /home/dgdgksj/anaconda3/envs/lesion/lib/python3.7/site-packages (from google-auth<3,>=1.6.3->tensorboard<2.12,>=2.11->tensorflow) (4.9)
Requirement already satisfied: pyasn1-modules>=0.2.1 in /home/dgdgksj/anaconda3/envs/lesion/lib/python3.7/site-packages (from google-auth<3,>=1.6.3->tensorboard<2.12,>=2.11->tensorflow) (0.2.8)
Requirement already satisfied: cachetools<5.0,>=2.0.0 in /home/dgdgksj/anaconda3/envs/lesion/lib/python3.7/site-packages (from google-auth<3,>=1.6.3->tensorboard<2.12,>=2.11->tensorflow) (4.2.4)
Requirement already satisfied: requests-oauthlib>=0.7.0 in /home/dgdgksj/anaconda3/envs/lesion/lib/python3.7/site-packages (from google-auth-oauthlib<0.5,>=0.4.1->tensorboard<2.12,>=2.11->tensorflow) (1.3.1)
Requirement already satisfied: importlib-metadata>=4.4 in /home/dgdgksj/anaconda3/envs/lesion/lib/python3.7/site-packages (from markdown>=2.6.8->tensorboard<2.12,>=2.11->tensorflow) (4.12.0)
Requirement already satisfied: zipp>=0.5 in /home/dgdgksj/anaconda3/envs/lesion/lib/python3.7/site-packages (from importlib-metadata>=4.4->markdown>=2.6.8->tensorboard<2.12,>=2.11->tensorflow) (3.8.1)
Requirement already satisfied: pyasn1<0.5.0,>=0.4.6 in /home/dgdgksj/anaconda3/envs/lesion/lib/python3.7/site-packages (from pyasn1-modules>=0.2.1->google-auth<3,>=1.6.3->tensorboard<2.12,>=2.11->tensorflow) (0.4.8)
Requirement already satisfied: urllib3<1.27,>=1.21.1 in /home/dgdgksj/anaconda3/envs/lesion/lib/python3.7/site-packages (from requests<3,>=2.21.0->tensorboard<2.12,>=2.11->tensorflow) (1.26.14)
Requirement already satisfied: certifi>=2017.4.17 in /home/dgdgksj/anaconda3/envs/lesion/lib/python3.7/site-packages (from requests<3,>=2.21.0->tensorboard<2.12,>=2.11->tensorflow) (2021.10.8)
Requirement already satisfied: charset-normalizer~=2.0.0 in /home/dgdgksj/anaconda3/envs/lesion/lib/python3.7/site-packages (from requests<3,>=2.21.0->tensorboard<2.12,>=2.11->tensorflow) (2.0.4)
Requirement already satisfied: idna<4,>=2.5 in /home/dgdgksj/anaconda3/envs/lesion/lib/python3.7/site-packages (from requests<3,>=2.21.0->tensorboard<2.12,>=2.11->tensorflow) (3.3)
Requirement already satisfied: oauthlib>=3.0.0 in /home/dgdgksj/anaconda3/envs/lesion/lib/python3.7/site-packages (from requests-oauthlib>=0.7.0->google-auth-oauthlib<0.5,>=0.4.1->tensorboard<2.12,>=2.11->tensorflow) (3.2.2)
Requirement already satisfied: MarkupSafe>=2.1.1 in /home/dgdgksj/anaconda3/envs/lesion/lib/python3.7/site-packages (from werkzeug>=1.0.1->tensorboard<2.12,>=2.11->tensorflow) (2.1.1)
Requirement already satisfied: pyparsing!=3.0.5,>=2.0.2 in /home/dgdgksj/anaconda3/envs/lesion/lib/python3.7/site-packages (from packaging->tensorflow) (3.0.8)
Installing collected packages: protobuf, tensorflow-io-gcs-filesystem, tensorflow-estimator, tensorboard, libclang, keras, tensorflow
  Attempting uninstall: protobuf
    Found existing installation: protobuf 3.20.0
    Uninstalling protobuf-3.20.0:
      Successfully uninstalled protobuf-3.20.0
  Attempting uninstall: tensorflow-estimator
    Found existing installation: tensorflow-estimator 2.2.0
    Uninstalling tensorflow-estimator-2.2.0:
      Successfully uninstalled tensorflow-estimator-2.2.0
  Attempting uninstall: tensorboard
    Found existing installation: tensorboard 2.2.2
    Uninstalling tensorboard-2.2.2:
      Successfully uninstalled tensorboard-2.2.2
